Starting Metro Bundler
Android Bundled 13210ms node_modules/expo-router/entry.js (3800 modules)

› Assets (23):
node_modules/@react-navigation/elements/lib/module/assets/back-icon-mask.png (653 B)
node_modules/@react-navigation/elements/lib/module/assets/back-icon.png (4 variations | 152 B)
node_modules/@react-navigation/elements/lib/module/assets/clear-icon.png (4 variations | 425 B)
node_modules/@react-navigation/elements/lib/module/assets/close-icon.png (4 variations | 235 B)
node_modules/@react-navigation/elements/lib/module/assets/search-icon.png (4 variations | 599 B)
node_modules/expo-router/assets/error.png (469 B)
node_modules/expo-router/assets/file.png (138 B)
node_modules/expo-router/assets/forward.png (188 B)
node_modules/expo-router/assets/pkg.png (364 B)
node_modules/expo-router/assets/sitemap.png (465 B)
node_modules/expo-router/assets/unmatched.png (4.75 kB)

› android bundles (1):
_expo/static/js/android/entry-b59ff7466d14788c402ca327a129363f.hbc (6.58 MB)

› Files (1):
metadata.json (1.72 kB)

Exported: dist
