
> gestao-escolar@1.0.0 test
> jest src/__tests__/app/index.test.tsx

FAIL src/__tests__/app/index.test.tsx
  HomeScreen
    ✕ renders the list of schools (47 ms)
    ✕ navigates to school details on press (4 ms)
    ✕ navigates to new school screen (3 ms)

  ● HomeScreen › renders the list of schools

    TypeError: Cannot read properties of undefined (reading 'filter')

      19 |     const schoolsWithCount = schools.map(school => ({
      20 |       ...school,
    > 21 |       countClasses: classes.filter(c => String(c.schoolId) === String(school.id)).length
         |                             ^
      22 |     }));
      23 |
      24 |     if (!searchQuery) return schoolsWithCount;

      at filter (src/hooks/useSchools.ts:21:29)
          at Array.map (<anonymous>)
      at map (src/hooks/useSchools.ts:19:38)
      at mountMemo (node_modules/react-test-renderer/cjs/react-test-renderer.development.js:5897:23)
      at Object.useMemo (node_modules/react-test-renderer/cjs/react-test-renderer.development.js:15986:18)
      at Object.<anonymous>.process.env.NODE_ENV.exports.useMemo (node_modules/react/cjs/react.development.js:1251:34)
      at useSchools (src/hooks/useSchools.ts:18:34)
      at SchoolListScreen (app/index.tsx:49:17)
      at Object.react_stack_bottom_frame (node_modules/react-test-renderer/cjs/react-test-renderer.development.js:15670:20)
      at renderWithHooks (node_modules/react-test-renderer/cjs/react-test-renderer.development.js:4863:22)
      at updateFunctionComponent (node_modules/react-test-renderer/cjs/react-test-renderer.development.js:7018:19)
      at beginWork (node_modules/react-test-renderer/cjs/react-test-renderer.development.js:8499:18)
      at runWithFiberInDEV (node_modules/react-test-renderer/cjs/react-test-renderer.development.js:2315:13)
      at performUnitOfWork (node_modules/react-test-renderer/cjs/react-test-renderer.development.js:13224:22)
      at workLoopSync (node_modules/react-test-renderer/cjs/react-test-renderer.development.js:13068:41)
      at renderRootSync (node_modules/react-test-renderer/cjs/react-test-renderer.development.js:13049:11)
      at performWorkOnRoot (node_modules/react-test-renderer/cjs/react-test-renderer.development.js:12253:39)
      at performWorkOnRootViaSchedulerTask (node_modules/react-test-renderer/cjs/react-test-renderer.development.js:2908:7)
      at flushActQueue (node_modules/react/cjs/react.development.js:590:34)
      at Object.<anonymous>.process.env.NODE_ENV.exports.act (node_modules/react/cjs/react.development.js:884:10)
      at actImplementation (node_modules/@testing-library/react-native/src/act.ts:30:25)
      at renderWithAct (node_modules/@testing-library/react-native/src/render-act.ts:13:11)
      at renderInternal (node_modules/@testing-library/react-native/src/render.tsx:69:33)
      at renderInternal (node_modules/@testing-library/react-native/src/render.tsx:44:10)
      at Object.<anonymous> (src/__tests__/app/index.test.tsx:42:33)

  ● HomeScreen › navigates to school details on press

    TypeError: Cannot read properties of undefined (reading 'filter')

      19 |     const schoolsWithCount = schools.map(school => ({
      20 |       ...school,
    > 21 |       countClasses: classes.filter(c => String(c.schoolId) === String(school.id)).length
         |                             ^
      22 |     }));
      23 |
      24 |     if (!searchQuery) return schoolsWithCount;

      at filter (src/hooks/useSchools.ts:21:29)
          at Array.map (<anonymous>)
      at map (src/hooks/useSchools.ts:19:38)
      at mountMemo (node_modules/react-test-renderer/cjs/react-test-renderer.development.js:5897:23)
      at Object.useMemo (node_modules/react-test-renderer/cjs/react-test-renderer.development.js:15986:18)
      at Object.<anonymous>.process.env.NODE_ENV.exports.useMemo (node_modules/react/cjs/react.development.js:1251:34)
      at useSchools (src/hooks/useSchools.ts:18:34)
      at SchoolListScreen (app/index.tsx:49:17)
      at Object.react_stack_bottom_frame (node_modules/react-test-renderer/cjs/react-test-renderer.development.js:15670:20)
      at renderWithHooks (node_modules/react-test-renderer/cjs/react-test-renderer.development.js:4863:22)
      at updateFunctionComponent (node_modules/react-test-renderer/cjs/react-test-renderer.development.js:7018:19)
      at beginWork (node_modules/react-test-renderer/cjs/react-test-renderer.development.js:8499:18)
      at runWithFiberInDEV (node_modules/react-test-renderer/cjs/react-test-renderer.development.js:2315:13)
      at performUnitOfWork (node_modules/react-test-renderer/cjs/react-test-renderer.development.js:13224:22)
      at workLoopSync (node_modules/react-test-renderer/cjs/react-test-renderer.development.js:13068:41)
      at renderRootSync (node_modules/react-test-renderer/cjs/react-test-renderer.development.js:13049:11)
      at performWorkOnRoot (node_modules/react-test-renderer/cjs/react-test-renderer.development.js:12253:39)
      at performWorkOnRootViaSchedulerTask (node_modules/react-test-renderer/cjs/react-test-renderer.development.js:2908:7)
      at flushActQueue (node_modules/react/cjs/react.development.js:590:34)
      at Object.<anonymous>.process.env.NODE_ENV.exports.act (node_modules/react/cjs/react.development.js:884:10)
      at actImplementation (node_modules/@testing-library/react-native/src/act.ts:30:25)
      at renderWithAct (node_modules/@testing-library/react-native/src/render-act.ts:13:11)
      at renderInternal (node_modules/@testing-library/react-native/src/render.tsx:69:33)
      at renderInternal (node_modules/@testing-library/react-native/src/render.tsx:44:10)
      at Object.<anonymous> (src/__tests__/app/index.test.tsx:48:33)

  ● HomeScreen › navigates to new school screen

    TypeError: Cannot read properties of undefined (reading 'filter')

      19 |     const schoolsWithCount = schools.map(school => ({
      20 |       ...school,
    > 21 |       countClasses: classes.filter(c => String(c.schoolId) === String(school.id)).length
         |                             ^
      22 |     }));
      23 |
      24 |     if (!searchQuery) return schoolsWithCount;

      at filter (src/hooks/useSchools.ts:21:29)
          at Array.map (<anonymous>)
      at map (src/hooks/useSchools.ts:19:38)
      at mountMemo (node_modules/react-test-renderer/cjs/react-test-renderer.development.js:5897:23)
      at Object.useMemo (node_modules/react-test-renderer/cjs/react-test-renderer.development.js:15986:18)
      at Object.<anonymous>.process.env.NODE_ENV.exports.useMemo (node_modules/react/cjs/react.development.js:1251:34)
      at useSchools (src/hooks/useSchools.ts:18:34)
      at SchoolListScreen (app/index.tsx:49:17)
      at Object.react_stack_bottom_frame (node_modules/react-test-renderer/cjs/react-test-renderer.development.js:15670:20)
      at renderWithHooks (node_modules/react-test-renderer/cjs/react-test-renderer.development.js:4863:22)
      at updateFunctionComponent (node_modules/react-test-renderer/cjs/react-test-renderer.development.js:7018:19)
      at beginWork (node_modules/react-test-renderer/cjs/react-test-renderer.development.js:8499:18)
      at runWithFiberInDEV (node_modules/react-test-renderer/cjs/react-test-renderer.development.js:2315:13)
      at performUnitOfWork (node_modules/react-test-renderer/cjs/react-test-renderer.development.js:13224:22)
      at workLoopSync (node_modules/react-test-renderer/cjs/react-test-renderer.development.js:13068:41)
      at renderRootSync (node_modules/react-test-renderer/cjs/react-test-renderer.development.js:13049:11)
      at performWorkOnRoot (node_modules/react-test-renderer/cjs/react-test-renderer.development.js:12253:39)
      at performWorkOnRootViaSchedulerTask (node_modules/react-test-renderer/cjs/react-test-renderer.development.js:2908:7)
      at flushActQueue (node_modules/react/cjs/react.development.js:590:34)
      at Object.<anonymous>.process.env.NODE_ENV.exports.act (node_modules/react/cjs/react.development.js:884:10)
      at actImplementation (node_modules/@testing-library/react-native/src/act.ts:30:25)
      at renderWithAct (node_modules/@testing-library/react-native/src/render-act.ts:13:11)
      at renderInternal (node_modules/@testing-library/react-native/src/render.tsx:69:33)
      at renderInternal (node_modules/@testing-library/react-native/src/render.tsx:44:10)
      at Object.<anonymous> (src/__tests__/app/index.test.tsx:54:35)

Test Suites: 1 failed, 1 total
Tests:       3 failed, 3 total
Snapshots:   0 total
Time:        1.572 s, estimated 2 s
Ran all test suites matching /src\/__tests__\/app\/index.test.tsx/i.
